// Jest Snapshot v1, https://goo.gl/fbAQLP

exports[`Storyshots Avatar with text 1`] = `ReactWrapper {}`;

exports[`Storyshots Backdrop with text 1`] = `ReactWrapper {}`;

exports[`Storyshots Bar with text 1`] = `ReactWrapper {}`;

exports[`Storyshots Button with text 1`] = `ReactWrapper {}`;
